RAM Allocation [bytes]
Variable                                                                          Address   Size
------------------------------------------------------------------------------------------------
glcd_state                                                                        0x06FB      29
but0_counter                                                                      0x0718       2
but2_counter                                                                      0x071A       2
pointer                                                                           0x071C       2
day_pointer                                                                       0x071E       2
Rs                                                                                0x0720       2
Rm                                                                                0x0722       2
Rh                                                                                0x0724       2
sh_day                                                                            0x0726       2
sh_month                                                                          0x0728       2
sh_year                                                                           0x072A       2
ch_day                                                                            0x072C       2
ch_month                                                                          0x072E       2
ch_year                                                                           0x0730       2
am_pm                                                                             0x0732       1
temp_s                                                                            0x0733      15
xs                                                                                0x0742       4
ys                                                                                0x0746       4
xs0                                                                               0x074A       4
ys0                                                                               0x074E       4
Xm                                                                                0x0752       4
Ym                                                                                0x0756       4
Xh                                                                                0x075A       4
Yh                                                                                0x075E       4
ym0                                                                               0x0762       4
xm0                                                                               0x0766       4
yh0                                                                               0x076A       4
xh0                                                                               0x076E       4
x                                                                                 0x0772       2
y                                                                                 0x0774       2
sh                                                                                0x0776       6
m                                                                                 0x077C       6
miladi_day                                                                        0x0782      14
miladi_month                                                                      0x0790      24
_seed                                                                             0x07A8       4

EEPROM Allocation [bytes]
Variable                                                                          Address   Size
------------------------------------------------------------------------------------------------

Register Allocation
Variable                                                                          Register  Size
------------------------------------------------------------------------------------------------
second                                                                            R4,R5        2
hour                                                                              R6,R7        2
minute                                                                            R8,R9        2
H                                                                                 R10,R11      2
counter                                                                           R12,R13      2
clock_mode                                                                        R2.0      1bit
show_cl                                                                           R2.1      1bit
mode                                                                              R2.2      1bit
mode_about                                                                        R2.3      1bit
on_while                                                                          R2.4      1bit

FLASH Allocation [words]
Function                                                                          Address   Size
------------------------------------------------------------------------------------------------
MiladiIsLeap                                                                      0x00E28     39
MiladiToShamsi                                                                    0x00E4F    192
ShamsiToMiladi                                                                    0x00F0F    148
inc_selection                                                                     0x00FA3   1005
selection_s                                                                       0x01390    256
init_clock                                                                        0x01490     68
show_clock                                                                        0x014D4    523
about                                                                             0x016DF     21
timer1_compa_isr                                                                  0x016F4    288
timer2                                                                            0x01814     21
reset_counters                                                                    0x01829     10
button0                                                                           0x01833    103
button1                                                                           0x0189A     16
button2                                                                           0x018AA     71
main                                                                              0x018F1    109
t6963_wrbus_G100                                                                  0x0195E     20
t6963_rdbus_G100                                                                  0x01972     19
t6963_busy                                                                        0x01985      6
t6963_wrdata                                                                      0x0198B      7
t6963_rddata                                                                      0x01992      4
t6963_wrcmd                                                                       0x01996      6
t6963_setaddrptr_G100                                                             0x0199C      9
t6963_rdbyte_G100                                                                 0x019A5     20
t6963_wrbyte_G100                                                                 0x019B9      5
glcd_init                                                                         0x019BE    118
glcd_display                                                                      0x01A34     11
glcd_cleartext                                                                    0x01A3F     24
glcd_cleargraphics                                                                0x01A57     31
glcd_clear                                                                        0x01A76      3
glcd_putpixel                                                                     0x01A79     34
glcd_getpixel                                                                     0x01A9B     23
t6963_wrmasked_G100                                                               0x01AB2     67
glcd_block                                                                        0x01AF5    440
glcd_putcharcg                                                                    0x01CAD     22
glcd_clipx                                                                        0x01CC3     20
glcd_clipy                                                                        0x01CD7     20
glcd_setpixel                                                                     0x01CEB      9
glcd_imagesize                                                                    0x01CF4     42
glcd_getcharw_G101                                                                0x01D1E    120
glcd_new_line_G101                                                                0x01D96     19
glcd_putchar                                                                      0x01DA9    151
glcd_outtextxy                                                                    0x01E40     21
glcd_putimagef                                                                    0x01E55     46
glcd_putpixelm_G101                                                               0x01E83     27
glcd_moveto                                                                       0x01E9E     12
glcd_line                                                                         0x01EAA    246
glcd_plot8_G101                                                                   0x01FA0    343
glcd_line2_G101                                                                   0x020F7     49
glcd_quadrant_G101                                                                0x02128     93
glcd_fillcircle                                                                   0x02185     35
put_buff_G103                                                                     0x021A8     58
_ftoe_G103                                                                        0x021E2    210
_print_G103                                                                       0x022B4    538
sprintf                                                                           0x024CE     52
ftrunc                                                                            0x02502     49
floor                                                                             0x02533     22
sin                                                                               0x02549    136
cos                                                                               0x025D1     13
memset                                                                            0x025DE     16
strcpyf                                                                           0x025EE     13
strlen                                                                            0x025FB     12
strlenf                                                                           0x02607     13
glcd_getmask                                                                      0x02614     11
glcd_mappixcolor1bit                                                              0x0261F     40
glcd_readmem                                                                      0x02647     31
glcd_writemem                                                                     0x02666     31
glcd_revbits                                                                      0x02685     19
ftoa                                                                              0x02698    161
